[2025-09-14T17:29:18.457+0000] {local_task_job_runner.py:120} INFO - ::group::Pre task execution logs
[2025-09-14T17:29:18.482+0000] {taskinstance.py:2076} INFO - Dependencies all met for dep_context=non-requeueable deps ti=<TaskInstance: fetch_and_store_amazon_books_2.create_table scheduled__2024-07-03T00:00:00+00:00 [queued]>
[2025-09-14T17:29:18.492+0000] {taskinstance.py:2076} INFO - Dependencies all met for dep_context=requeueable deps ti=<TaskInstance: fetch_and_store_amazon_books_2.create_table scheduled__2024-07-03T00:00:00+00:00 [queued]>
[2025-09-14T17:29:18.493+0000] {taskinstance.py:2306} INFO - Starting attempt 1 of 2
[2025-09-14T17:29:18.508+0000] {taskinstance.py:2330} INFO - Executing <Task(PostgresOperator): create_table> on 2024-07-03 00:00:00+00:00
[2025-09-14T17:29:18.516+0000] {warnings.py:110} WARNING - /home/***/.local/lib/python3.12/site-packages/***/task/task_runner/standard_task_runner.py:61: DeprecationWarning: This process (pid=226) is multi-threaded, use of fork() may lead to deadlocks in the child.
  pid = os.fork()

[2025-09-14T17:29:18.517+0000] {standard_task_runner.py:63} INFO - Started process 239 to run task
[2025-09-14T17:29:18.518+0000] {standard_task_runner.py:90} INFO - Running: ['***', 'tasks', 'run', 'fetch_and_store_amazon_books_2', 'create_table', 'scheduled__2024-07-03T00:00:00+00:00', '--job-id', '57', '--raw', '--subdir', 'DAGS_FOLDER/app.py', '--cfg-path', '/tmp/tmpm_pykgta']
[2025-09-14T17:29:18.520+0000] {standard_task_runner.py:91} INFO - Job 57: Subtask create_table
[2025-09-14T17:29:18.577+0000] {task_command.py:426} INFO - Running <TaskInstance: fetch_and_store_amazon_books_2.create_table scheduled__2024-07-03T00:00:00+00:00 [running]> on host 4f15eb0ccf9d
[2025-09-14T17:29:18.666+0000] {taskinstance.py:2648} INFO - Exporting env vars: AIRFLOW_CTX_DAG_OWNER='***' AIRFLOW_CTX_DAG_ID='fetch_and_store_amazon_books_2' AIRFLOW_CTX_TASK_ID='create_table' AIRFLOW_CTX_EXECUTION_DATE='2024-07-03T00:00:00+00:00' AIRFLOW_CTX_TRY_NUMBER='1' AIRFLOW_CTX_DAG_RUN_ID='scheduled__2024-07-03T00:00:00+00:00'
[2025-09-14T17:29:18.668+0000] {taskinstance.py:430} INFO - ::endgroup::
[2025-09-14T17:29:18.681+0000] {sql.py:276} INFO - Executing: 
    CREATE TABLE IF NOT EXISTS books (
        id SERIAL PRIMARY KEY,
        title TEXT NOT NULL,
        authors TEXT,
        price TEXT,
        rating TEXT
    );
    
[2025-09-14T17:29:18.690+0000] {base.py:84} INFO - Using connection ID 'books_connection' for task execution.
[2025-09-14T17:29:18.699+0000] {base.py:84} INFO - Using connection ID 'books_connection' for task execution.
[2025-09-14T17:29:18.703+0000] {sql.py:470} INFO - Running statement: 
    CREATE TABLE IF NOT EXISTS books (
        id SERIAL PRIMARY KEY,
        title TEXT NOT NULL,
        authors TEXT,
        price TEXT,
        rating TEXT
    );
    , parameters: None
[2025-09-14T17:29:18.705+0000] {taskinstance.py:441} INFO - ::group::Post task execution logs
[2025-09-14T17:29:18.718+0000] {taskinstance.py:1206} INFO - Marking task as SUCCESS. dag_id=fetch_and_store_amazon_books_2, task_id=create_table, run_id=scheduled__2024-07-03T00:00:00+00:00, execution_date=20240703T000000, start_date=20250914T172918, end_date=20250914T172918
[2025-09-14T17:29:18.772+0000] {local_task_job_runner.py:240} INFO - Task exited with return code 0
[2025-09-14T17:29:18.788+0000] {local_task_job_runner.py:222} INFO - ::endgroup::
