[2025-09-14T17:29:17.664+0000] {local_task_job_runner.py:120} INFO - ::group::Pre task execution logs
[2025-09-14T17:29:17.704+0000] {taskinstance.py:2076} INFO - Dependencies all met for dep_context=non-requeueable deps ti=<TaskInstance: fetch_and_store_amazon_books_2.insert_book_data scheduled__2024-07-04T00:00:00+00:00 [queued]>
[2025-09-14T17:29:17.720+0000] {taskinstance.py:2076} INFO - Dependencies all met for dep_context=requeueable deps ti=<TaskInstance: fetch_and_store_amazon_books_2.insert_book_data scheduled__2024-07-04T00:00:00+00:00 [queued]>
[2025-09-14T17:29:17.721+0000] {taskinstance.py:2306} INFO - Starting attempt 1 of 2
[2025-09-14T17:29:17.756+0000] {taskinstance.py:2330} INFO - Executing <Task(PythonOperator): insert_book_data> on 2024-07-04 00:00:00+00:00
[2025-09-14T17:29:17.776+0000] {warnings.py:110} WARNING - /home/***/.local/lib/python3.12/site-packages/***/task/task_runner/standard_task_runner.py:61: DeprecationWarning: This process (pid=211) is multi-threaded, use of fork() may lead to deadlocks in the child.
  pid = os.fork()

[2025-09-14T17:29:17.778+0000] {standard_task_runner.py:63} INFO - Started process 233 to run task
[2025-09-14T17:29:17.786+0000] {standard_task_runner.py:90} INFO - Running: ['***', 'tasks', 'run', 'fetch_and_store_amazon_books_2', 'insert_book_data', 'scheduled__2024-07-04T00:00:00+00:00', '--job-id', '52', '--raw', '--subdir', 'DAGS_FOLDER/app.py', '--cfg-path', '/tmp/tmp90n6sczw']
[2025-09-14T17:29:17.793+0000] {standard_task_runner.py:91} INFO - Job 52: Subtask insert_book_data
[2025-09-14T17:29:17.868+0000] {task_command.py:426} INFO - Running <TaskInstance: fetch_and_store_amazon_books_2.insert_book_data scheduled__2024-07-04T00:00:00+00:00 [running]> on host 4f15eb0ccf9d
[2025-09-14T17:29:18.012+0000] {taskinstance.py:2648} INFO - Exporting env vars: AIRFLOW_CTX_DAG_OWNER='***' AIRFLOW_CTX_DAG_ID='fetch_and_store_amazon_books_2' AIRFLOW_CTX_TASK_ID='insert_book_data' AIRFLOW_CTX_EXECUTION_DATE='2024-07-04T00:00:00+00:00' AIRFLOW_CTX_TRY_NUMBER='1' AIRFLOW_CTX_DAG_RUN_ID='scheduled__2024-07-04T00:00:00+00:00'
[2025-09-14T17:29:18.013+0000] {taskinstance.py:430} INFO - ::endgroup::
[2025-09-14T17:29:18.052+0000] {taskinstance.py:441} INFO - ::group::Post task execution logs
[2025-09-14T17:29:18.053+0000] {taskinstance.py:2905} ERROR - Task failed with exception
Traceback (most recent call last):
  File "/home/airflow/.local/lib/python3.12/site-packages/airflow/models/taskinstance.py", line 465, in _execute_task
    result = _execute_callable(context=context, **execute_callable_kwargs)
             ^^^^^^^^^^^^^^^^^^^^^^^^^^^^^^^^^^^^^^^^^^^^^^^^^^^^^^^^^^^^^
  File "/home/airflow/.local/lib/python3.12/site-packages/airflow/models/taskinstance.py", line 432, in _execute_callable
    return execute_callable(context=context, **execute_callable_kwargs)
           ^^^^^^^^^^^^^^^^^^^^^^^^^^^^^^^^^^^^^^^^^^^^^^^^^^^^^^^^^^^^
  File "/home/airflow/.local/lib/python3.12/site-packages/airflow/models/baseoperator.py", line 400, in wrapper
    return func(self, *args, **kwargs)
           ^^^^^^^^^^^^^^^^^^^^^^^^^^^
  File "/home/airflow/.local/lib/python3.12/site-packages/airflow/operators/python.py", line 235, in execute
    return_value = self.execute_callable()
                   ^^^^^^^^^^^^^^^^^^^^^^^
  File "/home/airflow/.local/lib/python3.12/site-packages/airflow/operators/python.py", line 252, in execute_callable
    return self.python_callable(*self.op_args, **self.op_kwargs)
           ^^^^^^^^^^^^^^^^^^^^^^^^^^^^^^^^^^^^^^^^^^^^^^^^^^^^^
  File "/opt/airflow/dags/app.py", line 94, in insert_book_data_into_postgres
    raise ValueError("No book data found")
ValueError: No book data found
[2025-09-14T17:29:18.067+0000] {taskinstance.py:1206} INFO - Marking task as UP_FOR_RETRY. dag_id=fetch_and_store_amazon_books_2, task_id=insert_book_data, run_id=scheduled__2024-07-04T00:00:00+00:00, execution_date=20240704T000000, start_date=20250914T172917, end_date=20250914T172918
[2025-09-14T17:29:18.094+0000] {standard_task_runner.py:110} ERROR - Failed to execute job 52 for task insert_book_data (No book data found; 233)
[2025-09-14T17:29:18.117+0000] {local_task_job_runner.py:240} INFO - Task exited with return code 1
[2025-09-14T17:29:18.141+0000] {taskinstance.py:3498} INFO - 0 downstream tasks scheduled from follow-on schedule check
[2025-09-14T17:29:18.149+0000] {local_task_job_runner.py:222} INFO - ::endgroup::
