[2025-09-14T17:30:39.379+0000] {local_task_job_runner.py:120} INFO - ::group::Pre task execution logs
[2025-09-14T17:30:39.398+0000] {taskinstance.py:2076} INFO - Dependencies all met for dep_context=non-requeueable deps ti=<TaskInstance: fetch_and_store_amazon_books_2.fetch_book_data manual__2025-09-14T17:30:38.414490+00:00 [queued]>
[2025-09-14T17:30:39.404+0000] {taskinstance.py:2076} INFO - Dependencies all met for dep_context=requeueable deps ti=<TaskInstance: fetch_and_store_amazon_books_2.fetch_book_data manual__2025-09-14T17:30:38.414490+00:00 [queued]>
[2025-09-14T17:30:39.404+0000] {taskinstance.py:2306} INFO - Starting attempt 1 of 2
[2025-09-14T17:30:39.414+0000] {taskinstance.py:2330} INFO - Executing <Task(PythonOperator): fetch_book_data> on 2025-09-14 17:30:38.414490+00:00
[2025-09-14T17:30:39.420+0000] {warnings.py:110} WARNING - /home/***/.local/lib/python3.12/site-packages/***/task/task_runner/standard_task_runner.py:61: DeprecationWarning: This process (pid=268) is multi-threaded, use of fork() may lead to deadlocks in the child.
  pid = os.fork()

[2025-09-14T17:30:39.423+0000] {standard_task_runner.py:63} INFO - Started process 271 to run task
[2025-09-14T17:30:39.422+0000] {standard_task_runner.py:90} INFO - Running: ['***', 'tasks', 'run', 'fetch_and_store_amazon_books_2', 'fetch_book_data', 'manual__2025-09-14T17:30:38.414490+00:00', '--job-id', '71', '--raw', '--subdir', 'DAGS_FOLDER/app.py', '--cfg-path', '/tmp/tmp_q41yx9t']
[2025-09-14T17:30:39.424+0000] {standard_task_runner.py:91} INFO - Job 71: Subtask fetch_book_data
[2025-09-14T17:30:39.468+0000] {task_command.py:426} INFO - Running <TaskInstance: fetch_and_store_amazon_books_2.fetch_book_data manual__2025-09-14T17:30:38.414490+00:00 [running]> on host 4f15eb0ccf9d
[2025-09-14T17:30:39.541+0000] {taskinstance.py:2648} INFO - Exporting env vars: AIRFLOW_CTX_DAG_OWNER='***' AIRFLOW_CTX_DAG_ID='fetch_and_store_amazon_books_2' AIRFLOW_CTX_TASK_ID='fetch_book_data' AIRFLOW_CTX_EXECUTION_DATE='2025-09-14T17:30:38.414490+00:00' AIRFLOW_CTX_TRY_NUMBER='1' AIRFLOW_CTX_DAG_RUN_ID='manual__2025-09-14T17:30:38.414490+00:00'
[2025-09-14T17:30:39.542+0000] {taskinstance.py:430} INFO - ::endgroup::
[2025-09-14T17:30:40.938+0000] {logging_mixin.py:188} INFO - Failed to retrieve the page
[2025-09-14T17:30:40.954+0000] {python.py:237} INFO - Done. Returned value was: None
[2025-09-14T17:30:40.955+0000] {taskinstance.py:441} INFO - ::group::Post task execution logs
[2025-09-14T17:30:40.962+0000] {taskinstance.py:1206} INFO - Marking task as SUCCESS. dag_id=fetch_and_store_amazon_books_2, task_id=fetch_book_data, run_id=manual__2025-09-14T17:30:38.414490+00:00, execution_date=20250914T173038, start_date=20250914T173039, end_date=20250914T173040
[2025-09-14T17:30:41.000+0000] {local_task_job_runner.py:240} INFO - Task exited with return code 0
[2025-09-14T17:30:41.009+0000] {warnings.py:110} WARNING - /home/***/.local/lib/python3.12/site-packages/***/models/baseoperator.py:1296: AirflowProviderDeprecationWarning: Call to deprecated class PostgresOperator. (Please use `***.providers.common.sql.operators.sql.SQLExecuteQueryOperator`.Also, you can provide `hook_params={'schema': <database>}`.)
  result = cls.__new__(cls)

[2025-09-14T17:30:41.020+0000] {taskinstance.py:3498} INFO - 1 downstream tasks scheduled from follow-on schedule check
[2025-09-14T17:30:41.022+0000] {local_task_job_runner.py:222} INFO - ::endgroup::
