[2025-09-14T16:51:46.132+0000] {local_task_job_runner.py:120} INFO - ::group::Pre task execution logs
[2025-09-14T16:51:46.148+0000] {taskinstance.py:2076} INFO - Dependencies all met for dep_context=non-requeueable deps ti=<TaskInstance: amazon_books_elt.load_books_data manual__2025-09-14T16:11:18.275150+00:00 [queued]>
[2025-09-14T16:51:46.154+0000] {taskinstance.py:2076} INFO - Dependencies all met for dep_context=requeueable deps ti=<TaskInstance: amazon_books_elt.load_books_data manual__2025-09-14T16:11:18.275150+00:00 [queued]>
[2025-09-14T16:51:46.154+0000] {taskinstance.py:2306} INFO - Starting attempt 4 of 5
[2025-09-14T16:51:46.163+0000] {taskinstance.py:2330} INFO - Executing <Task(PythonOperator): load_books_data> on 2025-09-14 16:11:18.275150+00:00
[2025-09-14T16:51:46.168+0000] {warnings.py:110} WARNING - /home/***/.local/lib/python3.12/site-packages/***/task/task_runner/standard_task_runner.py:61: DeprecationWarning: This process (pid=105) is multi-threaded, use of fork() may lead to deadlocks in the child.
  pid = os.fork()

[2025-09-14T16:51:46.169+0000] {standard_task_runner.py:63} INFO - Started process 107 to run task
[2025-09-14T16:51:46.169+0000] {standard_task_runner.py:90} INFO - Running: ['***', 'tasks', 'run', 'amazon_books_elt', 'load_books_data', 'manual__2025-09-14T16:11:18.275150+00:00', '--job-id', '17', '--raw', '--subdir', 'DAGS_FOLDER/amazon_books_elt.py', '--cfg-path', '/tmp/tmpe46rtp2s']
[2025-09-14T16:51:46.170+0000] {standard_task_runner.py:91} INFO - Job 17: Subtask load_books_data
[2025-09-14T16:51:46.205+0000] {task_command.py:426} INFO - Running <TaskInstance: amazon_books_elt.load_books_data manual__2025-09-14T16:11:18.275150+00:00 [running]> on host 4f15eb0ccf9d
[2025-09-14T16:51:46.265+0000] {taskinstance.py:2648} INFO - Exporting env vars: AIRFLOW_CTX_DAG_OWNER='***' AIRFLOW_CTX_DAG_ID='amazon_books_elt' AIRFLOW_CTX_TASK_ID='load_books_data' AIRFLOW_CTX_EXECUTION_DATE='2025-09-14T16:11:18.275150+00:00' AIRFLOW_CTX_TRY_NUMBER='4' AIRFLOW_CTX_DAG_RUN_ID='manual__2025-09-14T16:11:18.275150+00:00'
[2025-09-14T16:51:46.266+0000] {taskinstance.py:430} INFO - ::endgroup::
[2025-09-14T16:51:46.284+0000] {taskinstance.py:441} INFO - ::group::Post task execution logs
[2025-09-14T16:51:46.285+0000] {taskinstance.py:2905} ERROR - Task failed with exception
Traceback (most recent call last):
  File "/home/airflow/.local/lib/python3.12/site-packages/airflow/models/taskinstance.py", line 465, in _execute_task
    result = _execute_callable(context=context, **execute_callable_kwargs)
             ^^^^^^^^^^^^^^^^^^^^^^^^^^^^^^^^^^^^^^^^^^^^^^^^^^^^^^^^^^^^^
  File "/home/airflow/.local/lib/python3.12/site-packages/airflow/models/taskinstance.py", line 432, in _execute_callable
    return execute_callable(context=context, **execute_callable_kwargs)
           ^^^^^^^^^^^^^^^^^^^^^^^^^^^^^^^^^^^^^^^^^^^^^^^^^^^^^^^^^^^^
  File "/home/airflow/.local/lib/python3.12/site-packages/airflow/models/baseoperator.py", line 400, in wrapper
    return func(self, *args, **kwargs)
           ^^^^^^^^^^^^^^^^^^^^^^^^^^^
  File "/home/airflow/.local/lib/python3.12/site-packages/airflow/operators/python.py", line 235, in execute
    return_value = self.execute_callable()
                   ^^^^^^^^^^^^^^^^^^^^^^^
  File "/home/airflow/.local/lib/python3.12/site-packages/airflow/operators/python.py", line 252, in execute_callable
    return self.python_callable(*self.op_args, **self.op_kwargs)
           ^^^^^^^^^^^^^^^^^^^^^^^^^^^^^^^^^^^^^^^^^^^^^^^^^^^^^
  File "/opt/airflow/dags/amazon_books_elt.py", line 76, in load_books_data
    raise ValueError("No book data found in XCom")
ValueError: No book data found in XCom
[2025-09-14T16:51:46.292+0000] {taskinstance.py:1206} INFO - Marking task as UP_FOR_RETRY. dag_id=amazon_books_elt, task_id=load_books_data, run_id=manual__2025-09-14T16:11:18.275150+00:00, execution_date=20250914T161118, start_date=20250914T165146, end_date=20250914T165146
[2025-09-14T16:51:46.303+0000] {standard_task_runner.py:110} ERROR - Failed to execute job 17 for task load_books_data (No book data found in XCom; 107)
[2025-09-14T16:51:46.343+0000] {local_task_job_runner.py:240} INFO - Task exited with return code 1
[2025-09-14T16:51:46.357+0000] {taskinstance.py:3498} INFO - 0 downstream tasks scheduled from follow-on schedule check
[2025-09-14T16:51:46.358+0000] {local_task_job_runner.py:222} INFO - ::endgroup::
