[2025-09-14T17:11:28.937+0000] {local_task_job_runner.py:120} INFO - ::group::Pre task execution logs
[2025-09-14T17:11:28.952+0000] {taskinstance.py:2076} INFO - Dependencies all met for dep_context=non-requeueable deps ti=<TaskInstance: amazon_books_elt.get_amazon_books_data manual__2025-09-14T16:11:18.275150+00:00 [queued]>
[2025-09-14T17:11:28.957+0000] {taskinstance.py:2076} INFO - Dependencies all met for dep_context=requeueable deps ti=<TaskInstance: amazon_books_elt.get_amazon_books_data manual__2025-09-14T16:11:18.275150+00:00 [queued]>
[2025-09-14T17:11:28.957+0000] {taskinstance.py:2306} INFO - Starting attempt 4 of 5
[2025-09-14T17:11:28.966+0000] {taskinstance.py:2330} INFO - Executing <Task(PythonOperator): get_amazon_books_data> on 2025-09-14 16:11:18.275150+00:00
[2025-09-14T17:11:28.970+0000] {warnings.py:110} WARNING - /home/***/.local/lib/python3.12/site-packages/***/task/task_runner/standard_task_runner.py:61: DeprecationWarning: This process (pid=117) is multi-threaded, use of fork() may lead to deadlocks in the child.
  pid = os.fork()

[2025-09-14T17:11:28.971+0000] {standard_task_runner.py:63} INFO - Started process 119 to run task
[2025-09-14T17:11:28.972+0000] {standard_task_runner.py:90} INFO - Running: ['***', 'tasks', 'run', 'amazon_books_elt', 'get_amazon_books_data', 'manual__2025-09-14T16:11:18.275150+00:00', '--job-id', '21', '--raw', '--subdir', 'DAGS_FOLDER/amazon_books_elt.py', '--cfg-path', '/tmp/tmpq983soxw']
[2025-09-14T17:11:28.973+0000] {standard_task_runner.py:91} INFO - Job 21: Subtask get_amazon_books_data
[2025-09-14T17:11:29.007+0000] {task_command.py:426} INFO - Running <TaskInstance: amazon_books_elt.get_amazon_books_data manual__2025-09-14T16:11:18.275150+00:00 [running]> on host 4f15eb0ccf9d
[2025-09-14T17:11:29.063+0000] {taskinstance.py:2648} INFO - Exporting env vars: AIRFLOW_CTX_DAG_OWNER='***' AIRFLOW_CTX_DAG_ID='amazon_books_elt' AIRFLOW_CTX_TASK_ID='get_amazon_books_data' AIRFLOW_CTX_EXECUTION_DATE='2025-09-14T16:11:18.275150+00:00' AIRFLOW_CTX_TRY_NUMBER='4' AIRFLOW_CTX_DAG_RUN_ID='manual__2025-09-14T16:11:18.275150+00:00'
[2025-09-14T17:11:29.064+0000] {taskinstance.py:430} INFO - ::endgroup::
[2025-09-14T17:14:06.662+0000] {logging_mixin.py:188} INFO - Failed to retrieve page 170
[2025-09-14T17:14:06.676+0000] {python.py:237} INFO - Done. Returned value was: None
[2025-09-14T17:14:06.677+0000] {taskinstance.py:441} INFO - ::group::Post task execution logs
[2025-09-14T17:14:06.683+0000] {taskinstance.py:1206} INFO - Marking task as SUCCESS. dag_id=amazon_books_elt, task_id=get_amazon_books_data, run_id=manual__2025-09-14T16:11:18.275150+00:00, execution_date=20250914T161118, start_date=20250914T171128, end_date=20250914T171406
[2025-09-14T17:14:06.724+0000] {local_task_job_runner.py:240} INFO - Task exited with return code 0
[2025-09-14T17:14:06.731+0000] {warnings.py:110} WARNING - /home/***/.local/lib/python3.12/site-packages/***/models/baseoperator.py:1296: AirflowProviderDeprecationWarning: Call to deprecated class PostgresOperator. (Please use `***.providers.common.sql.operators.sql.SQLExecuteQueryOperator`.Also, you can provide `hook_params={'schema': <database>}`.)
  result = cls.__new__(cls)

[2025-09-14T17:14:06.741+0000] {taskinstance.py:3498} INFO - 1 downstream tasks scheduled from follow-on schedule check
[2025-09-14T17:14:06.743+0000] {local_task_job_runner.py:222} INFO - ::endgroup::
