[2025-09-14T16:40:48.189+0000] {local_task_job_runner.py:120} INFO - ::group::Pre task execution logs
[2025-09-14T16:40:48.204+0000] {taskinstance.py:2076} INFO - Dependencies all met for dep_context=non-requeueable deps ti=<TaskInstance: amazon_books_elt.create_books_table manual__2025-09-14T16:11:18.275150+00:00 [queued]>
[2025-09-14T16:40:48.210+0000] {taskinstance.py:2076} INFO - Dependencies all met for dep_context=requeueable deps ti=<TaskInstance: amazon_books_elt.create_books_table manual__2025-09-14T16:11:18.275150+00:00 [queued]>
[2025-09-14T16:40:48.210+0000] {taskinstance.py:2306} INFO - Starting attempt 2 of 3
[2025-09-14T16:40:48.218+0000] {taskinstance.py:2330} INFO - Executing <Task(PostgresOperator): create_books_table> on 2025-09-14 16:11:18.275150+00:00
[2025-09-14T16:40:48.223+0000] {warnings.py:110} WARNING - /home/***/.local/lib/python3.12/site-packages/***/task/task_runner/standard_task_runner.py:61: DeprecationWarning: This process (pid=93) is multi-threaded, use of fork() may lead to deadlocks in the child.
  pid = os.fork()

[2025-09-14T16:40:48.223+0000] {standard_task_runner.py:63} INFO - Started process 95 to run task
[2025-09-14T16:40:48.224+0000] {standard_task_runner.py:90} INFO - Running: ['***', 'tasks', 'run', 'amazon_books_elt', 'create_books_table', 'manual__2025-09-14T16:11:18.275150+00:00', '--job-id', '13', '--raw', '--subdir', 'DAGS_FOLDER/amazon_books_elt.py', '--cfg-path', '/tmp/tmpb0n6n0pp']
[2025-09-14T16:40:48.225+0000] {standard_task_runner.py:91} INFO - Job 13: Subtask create_books_table
[2025-09-14T16:40:48.260+0000] {task_command.py:426} INFO - Running <TaskInstance: amazon_books_elt.create_books_table manual__2025-09-14T16:11:18.275150+00:00 [running]> on host 4f15eb0ccf9d
[2025-09-14T16:40:48.319+0000] {taskinstance.py:2648} INFO - Exporting env vars: AIRFLOW_CTX_DAG_OWNER='***' AIRFLOW_CTX_DAG_ID='amazon_books_elt' AIRFLOW_CTX_TASK_ID='create_books_table' AIRFLOW_CTX_EXECUTION_DATE='2025-09-14T16:11:18.275150+00:00' AIRFLOW_CTX_TRY_NUMBER='2' AIRFLOW_CTX_DAG_RUN_ID='manual__2025-09-14T16:11:18.275150+00:00'
[2025-09-14T16:40:48.320+0000] {taskinstance.py:430} INFO - ::endgroup::
[2025-09-14T16:40:48.330+0000] {sql.py:276} INFO - Executing: 
    CREATE TABLE IF NOT EXISTS amazon_books (
        id SERIAL PRIMARY KEY,
        title TEXT NOT NULL,
        author TEXT,
        price TEXT,
        rating TEXT
    );
    
[2025-09-14T16:40:48.336+0000] {base.py:84} INFO - Using connection ID 'books_connection' for task execution.
[2025-09-14T16:40:48.342+0000] {base.py:84} INFO - Using connection ID 'books_connection' for task execution.
[2025-09-14T16:40:48.346+0000] {sql.py:470} INFO - Running statement: 
    CREATE TABLE IF NOT EXISTS amazon_books (
        id SERIAL PRIMARY KEY,
        title TEXT NOT NULL,
        author TEXT,
        price TEXT,
        rating TEXT
    );
    , parameters: None
[2025-09-14T16:40:48.370+0000] {taskinstance.py:441} INFO - ::group::Post task execution logs
[2025-09-14T16:40:48.377+0000] {taskinstance.py:1206} INFO - Marking task as SUCCESS. dag_id=amazon_books_elt, task_id=create_books_table, run_id=manual__2025-09-14T16:11:18.275150+00:00, execution_date=20250914T161118, start_date=20250914T164048, end_date=20250914T164048
[2025-09-14T16:40:48.396+0000] {local_task_job_runner.py:240} INFO - Task exited with return code 0
[2025-09-14T16:40:48.404+0000] {warnings.py:110} WARNING - /home/***/.local/lib/python3.12/site-packages/***/models/baseoperator.py:1296: AirflowProviderDeprecationWarning: Call to deprecated class PostgresOperator. (Please use `***.providers.common.sql.operators.sql.SQLExecuteQueryOperator`.Also, you can provide `hook_params={'schema': <database>}`.)
  result = cls.__new__(cls)

[2025-09-14T16:40:48.413+0000] {taskinstance.py:3498} INFO - 1 downstream tasks scheduled from follow-on schedule check
[2025-09-14T16:40:48.415+0000] {local_task_job_runner.py:222} INFO - ::endgroup::
