[2025-09-14T17:27:46.915+0000] {local_task_job_runner.py:120} INFO - ::group::Pre task execution logs
[2025-09-14T17:27:46.941+0000] {taskinstance.py:2076} INFO - Dependencies all met for dep_context=non-requeueable deps ti=<TaskInstance: fetch_and_store_amazon_books_2.fetch_book_data scheduled__2024-06-20T00:00:00+00:00 [queued]>
[2025-09-14T17:27:46.950+0000] {taskinstance.py:2076} INFO - Dependencies all met for dep_context=requeueable deps ti=<TaskInstance: fetch_and_store_amazon_books_2.fetch_book_data scheduled__2024-06-20T00:00:00+00:00 [queued]>
[2025-09-14T17:27:46.951+0000] {taskinstance.py:2306} INFO - Starting attempt 1 of 2
[2025-09-14T17:27:46.969+0000] {taskinstance.py:2330} INFO - Executing <Task(PythonOperator): fetch_book_data> on 2024-06-20 00:00:00+00:00
[2025-09-14T17:27:46.976+0000] {warnings.py:110} WARNING - /home/***/.local/lib/python3.12/site-packages/***/task/task_runner/standard_task_runner.py:61: DeprecationWarning: This process (pid=129) is multi-threaded, use of fork() may lead to deadlocks in the child.
  pid = os.fork()

[2025-09-14T17:27:46.978+0000] {standard_task_runner.py:63} INFO - Started process 145 to run task
[2025-09-14T17:27:46.978+0000] {standard_task_runner.py:90} INFO - Running: ['***', 'tasks', 'run', 'fetch_and_store_amazon_books_2', 'fetch_book_data', 'scheduled__2024-06-20T00:00:00+00:00', '--job-id', '25', '--raw', '--subdir', 'DAGS_FOLDER/app.py', '--cfg-path', '/tmp/tmps8ifscvr']
[2025-09-14T17:27:46.981+0000] {standard_task_runner.py:91} INFO - Job 25: Subtask fetch_book_data
[2025-09-14T17:27:47.049+0000] {task_command.py:426} INFO - Running <TaskInstance: fetch_and_store_amazon_books_2.fetch_book_data scheduled__2024-06-20T00:00:00+00:00 [running]> on host 4f15eb0ccf9d
[2025-09-14T17:27:47.181+0000] {taskinstance.py:2648} INFO - Exporting env vars: AIRFLOW_CTX_DAG_OWNER='***' AIRFLOW_CTX_DAG_ID='fetch_and_store_amazon_books_2' AIRFLOW_CTX_TASK_ID='fetch_book_data' AIRFLOW_CTX_EXECUTION_DATE='2024-06-20T00:00:00+00:00' AIRFLOW_CTX_TRY_NUMBER='1' AIRFLOW_CTX_DAG_RUN_ID='scheduled__2024-06-20T00:00:00+00:00'
[2025-09-14T17:27:47.183+0000] {taskinstance.py:430} INFO - ::endgroup::
[2025-09-14T17:29:19.652+0000] {logging_mixin.py:188} INFO - Failed to retrieve the page
[2025-09-14T17:29:19.678+0000] {python.py:237} INFO - Done. Returned value was: None
[2025-09-14T17:29:19.679+0000] {taskinstance.py:441} INFO - ::group::Post task execution logs
[2025-09-14T17:29:19.690+0000] {taskinstance.py:1206} INFO - Marking task as SUCCESS. dag_id=fetch_and_store_amazon_books_2, task_id=fetch_book_data, run_id=scheduled__2024-06-20T00:00:00+00:00, execution_date=20240620T000000, start_date=20250914T172746, end_date=20250914T172919
[2025-09-14T17:29:19.759+0000] {local_task_job_runner.py:240} INFO - Task exited with return code 0
[2025-09-14T17:29:19.790+0000] {warnings.py:110} WARNING - /home/***/.local/lib/python3.12/site-packages/***/models/baseoperator.py:1296: AirflowProviderDeprecationWarning: Call to deprecated class PostgresOperator. (Please use `***.providers.common.sql.operators.sql.SQLExecuteQueryOperator`.Also, you can provide `hook_params={'schema': <database>}`.)
  result = cls.__new__(cls)

[2025-09-14T17:29:19.828+0000] {taskinstance.py:3498} INFO - 1 downstream tasks scheduled from follow-on schedule check
[2025-09-14T17:29:19.831+0000] {local_task_job_runner.py:222} INFO - ::endgroup::
