[2025-09-14T17:27:52.512+0000] {local_task_job_runner.py:120} INFO - ::group::Pre task execution logs
[2025-09-14T17:27:52.540+0000] {taskinstance.py:2076} INFO - Dependencies all met for dep_context=non-requeueable deps ti=<TaskInstance: fetch_and_store_amazon_books_2.fetch_book_data scheduled__2024-07-02T00:00:00+00:00 [queued]>
[2025-09-14T17:27:52.547+0000] {taskinstance.py:2076} INFO - Dependencies all met for dep_context=requeueable deps ti=<TaskInstance: fetch_and_store_amazon_books_2.fetch_book_data scheduled__2024-07-02T00:00:00+00:00 [queued]>
[2025-09-14T17:27:52.547+0000] {taskinstance.py:2306} INFO - Starting attempt 1 of 2
[2025-09-14T17:27:52.561+0000] {taskinstance.py:2330} INFO - Executing <Task(PythonOperator): fetch_book_data> on 2024-07-02 00:00:00+00:00
[2025-09-14T17:27:52.573+0000] {warnings.py:110} WARNING - /home/***/.local/lib/python3.12/site-packages/***/task/task_runner/standard_task_runner.py:61: DeprecationWarning: This process (pid=162) is multi-threaded, use of fork() may lead to deadlocks in the child.
  pid = os.fork()

[2025-09-14T17:27:52.574+0000] {standard_task_runner.py:63} INFO - Started process 174 to run task
[2025-09-14T17:27:52.576+0000] {standard_task_runner.py:90} INFO - Running: ['***', 'tasks', 'run', 'fetch_and_store_amazon_books_2', 'fetch_book_data', 'scheduled__2024-07-02T00:00:00+00:00', '--job-id', '39', '--raw', '--subdir', 'DAGS_FOLDER/app.py', '--cfg-path', '/tmp/tmp40dqwysw']
[2025-09-14T17:27:52.589+0000] {standard_task_runner.py:91} INFO - Job 39: Subtask fetch_book_data
[2025-09-14T17:27:57.693+0000] {task_command.py:426} INFO - Running <TaskInstance: fetch_and_store_amazon_books_2.fetch_book_data scheduled__2024-07-02T00:00:00+00:00 [running]> on host 4f15eb0ccf9d
[2025-09-14T17:27:57.970+0000] {taskinstance.py:2648} INFO - Exporting env vars: AIRFLOW_CTX_DAG_OWNER='***' AIRFLOW_CTX_DAG_ID='fetch_and_store_amazon_books_2' AIRFLOW_CTX_TASK_ID='fetch_book_data' AIRFLOW_CTX_EXECUTION_DATE='2024-07-02T00:00:00+00:00' AIRFLOW_CTX_TRY_NUMBER='1' AIRFLOW_CTX_DAG_RUN_ID='scheduled__2024-07-02T00:00:00+00:00'
[2025-09-14T17:27:57.974+0000] {taskinstance.py:430} INFO - ::endgroup::
[2025-09-14T17:29:15.698+0000] {logging_mixin.py:188} INFO - Failed to retrieve the page
[2025-09-14T17:29:15.732+0000] {python.py:237} INFO - Done. Returned value was: None
[2025-09-14T17:29:15.733+0000] {taskinstance.py:441} INFO - ::group::Post task execution logs
[2025-09-14T17:29:15.745+0000] {taskinstance.py:1206} INFO - Marking task as SUCCESS. dag_id=fetch_and_store_amazon_books_2, task_id=fetch_book_data, run_id=scheduled__2024-07-02T00:00:00+00:00, execution_date=20240702T000000, start_date=20250914T172752, end_date=20250914T172915
[2025-09-14T17:29:15.914+0000] {local_task_job_runner.py:240} INFO - Task exited with return code 0
[2025-09-14T17:29:15.925+0000] {warnings.py:110} WARNING - /home/***/.local/lib/python3.12/site-packages/***/models/baseoperator.py:1296: AirflowProviderDeprecationWarning: Call to deprecated class PostgresOperator. (Please use `***.providers.common.sql.operators.sql.SQLExecuteQueryOperator`.Also, you can provide `hook_params={'schema': <database>}`.)
  result = cls.__new__(cls)

[2025-09-14T17:29:15.945+0000] {taskinstance.py:3498} INFO - 1 downstream tasks scheduled from follow-on schedule check
[2025-09-14T17:29:15.948+0000] {local_task_job_runner.py:222} INFO - ::endgroup::
