[2025-09-14T17:29:15.018+0000] {local_task_job_runner.py:120} INFO - ::group::Pre task execution logs
[2025-09-14T17:29:15.050+0000] {taskinstance.py:2076} INFO - Dependencies all met for dep_context=non-requeueable deps ti=<TaskInstance: fetch_and_store_amazon_books_2.create_table scheduled__2024-06-23T00:00:00+00:00 [queued]>
[2025-09-14T17:29:15.061+0000] {taskinstance.py:2076} INFO - Dependencies all met for dep_context=requeueable deps ti=<TaskInstance: fetch_and_store_amazon_books_2.create_table scheduled__2024-06-23T00:00:00+00:00 [queued]>
[2025-09-14T17:29:15.062+0000] {taskinstance.py:2306} INFO - Starting attempt 1 of 2
[2025-09-14T17:29:15.076+0000] {taskinstance.py:2330} INFO - Executing <Task(PostgresOperator): create_table> on 2024-06-23 00:00:00+00:00
[2025-09-14T17:29:15.083+0000] {warnings.py:110} WARNING - /home/***/.local/lib/python3.12/site-packages/***/task/task_runner/standard_task_runner.py:61: DeprecationWarning: This process (pid=182) is multi-threaded, use of fork() may lead to deadlocks in the child.
  pid = os.fork()

[2025-09-14T17:29:15.085+0000] {standard_task_runner.py:63} INFO - Started process 197 to run task
[2025-09-14T17:29:15.085+0000] {standard_task_runner.py:90} INFO - Running: ['***', 'tasks', 'run', 'fetch_and_store_amazon_books_2', 'create_table', 'scheduled__2024-06-23T00:00:00+00:00', '--job-id', '42', '--raw', '--subdir', 'DAGS_FOLDER/app.py', '--cfg-path', '/tmp/tmp4ed260ku']
[2025-09-14T17:29:15.087+0000] {standard_task_runner.py:91} INFO - Job 42: Subtask create_table
[2025-09-14T17:29:15.135+0000] {task_command.py:426} INFO - Running <TaskInstance: fetch_and_store_amazon_books_2.create_table scheduled__2024-06-23T00:00:00+00:00 [running]> on host 4f15eb0ccf9d
[2025-09-14T17:29:15.239+0000] {taskinstance.py:2648} INFO - Exporting env vars: AIRFLOW_CTX_DAG_OWNER='***' AIRFLOW_CTX_DAG_ID='fetch_and_store_amazon_books_2' AIRFLOW_CTX_TASK_ID='create_table' AIRFLOW_CTX_EXECUTION_DATE='2024-06-23T00:00:00+00:00' AIRFLOW_CTX_TRY_NUMBER='1' AIRFLOW_CTX_DAG_RUN_ID='scheduled__2024-06-23T00:00:00+00:00'
[2025-09-14T17:29:15.242+0000] {taskinstance.py:430} INFO - ::endgroup::
[2025-09-14T17:29:15.259+0000] {sql.py:276} INFO - Executing: 
    CREATE TABLE IF NOT EXISTS books (
        id SERIAL PRIMARY KEY,
        title TEXT NOT NULL,
        authors TEXT,
        price TEXT,
        rating TEXT
    );
    
[2025-09-14T17:29:15.273+0000] {base.py:84} INFO - Using connection ID 'books_connection' for task execution.
[2025-09-14T17:29:15.283+0000] {base.py:84} INFO - Using connection ID 'books_connection' for task execution.
[2025-09-14T17:29:15.290+0000] {sql.py:470} INFO - Running statement: 
    CREATE TABLE IF NOT EXISTS books (
        id SERIAL PRIMARY KEY,
        title TEXT NOT NULL,
        authors TEXT,
        price TEXT,
        rating TEXT
    );
    , parameters: None
[2025-09-14T17:29:15.297+0000] {taskinstance.py:441} INFO - ::group::Post task execution logs
[2025-09-14T17:29:15.312+0000] {taskinstance.py:1206} INFO - Marking task as SUCCESS. dag_id=fetch_and_store_amazon_books_2, task_id=create_table, run_id=scheduled__2024-06-23T00:00:00+00:00, execution_date=20240623T000000, start_date=20250914T172915, end_date=20250914T172915
[2025-09-14T17:29:15.378+0000] {local_task_job_runner.py:240} INFO - Task exited with return code 0
[2025-09-14T17:29:15.392+0000] {warnings.py:110} WARNING - /home/***/.local/lib/python3.12/site-packages/***/models/baseoperator.py:1296: AirflowProviderDeprecationWarning: Call to deprecated class PostgresOperator. (Please use `***.providers.common.sql.operators.sql.SQLExecuteQueryOperator`.Also, you can provide `hook_params={'schema': <database>}`.)
  result = cls.__new__(cls)

[2025-09-14T17:29:15.412+0000] {taskinstance.py:3498} INFO - 1 downstream tasks scheduled from follow-on schedule check
[2025-09-14T17:29:15.416+0000] {local_task_job_runner.py:222} INFO - ::endgroup::
